// Jest Snapshot v1, https://goo.gl/fbAQLP

exports[`App check snapshot renders 1`] = `
<div>
  <p>
    1
  </p>
</div>
`;
